Archive member included to satisfy reference by file (symbol)

c:/st/stm32cubeide_1.7.0/stm32cubeide/plugins/com.st.stm32cube.ide.mcu.externaltools.gnu-tools-for-stm32.9-2020-q2-update.win32_2.0.0.202105311346/tools/bin/../lib/gcc/arm-none-eabi/9.3.1/../../../../arm-none-eabi/lib/thumb/v7-m/nofp\libc_nano.a(lib_a-errno.o)
                              ./Core/Src/syscalls.o (__errno)
c:/st/stm32cubeide_1.7.0/stm32cubeide/plugins/com.st.stm32cube.ide.mcu.externaltools.gnu-tools-for-stm32.9-2020-q2-update.win32_2.0.0.202105311346/tools/bin/../lib/gcc/arm-none-eabi/9.3.1/../../../../arm-none-eabi/lib/thumb/v7-m/nofp\libc_nano.a(lib_a-exit.o)
                              c:/st/stm32cubeide_1.7.0/stm32cubeide/plugins/com.st.stm32cube.ide.mcu.externaltools.gnu-tools-for-stm32.9-2020-q2-update.win32_2.0.0.202105311346/tools/bin/../lib/gcc/arm-none-eabi/9.3.1/../../../../arm-none-eabi/lib/thumb/v7-m/nofp/crt0.o (exit)
c:/st/stm32cubeide_1.7.0/stm32cubeide/plugins/com.st.stm32cube.ide.mcu.externaltools.gnu-tools-for-stm32.9-2020-q2-update.win32_2.0.0.202105311346/tools/bin/../lib/gcc/arm-none-eabi/9.3.1/../../../../arm-none-eabi/lib/thumb/v7-m/nofp\libc_nano.a(lib_a-impure.o)
                              c:/st/stm32cubeide_1.7.0/stm32cubeide/plugins/com.st.stm32cube.ide.mcu.externaltools.gnu-tools-for-stm32.9-2020-q2-update.win32_2.0.0.202105311346/tools/bin/../lib/gcc/arm-none-eabi/9.3.1/../../../../arm-none-eabi/lib/thumb/v7-m/nofp\libc_nano.a(lib_a-exit.o) (_global_impure_ptr)
c:/st/stm32cubeide_1.7.0/stm32cubeide/plugins/com.st.stm32cube.ide.mcu.externaltools.gnu-tools-for-stm32.9-2020-q2-update.win32_2.0.0.202105311346/tools/bin/../lib/gcc/arm-none-eabi/9.3.1/../../../../arm-none-eabi/lib/thumb/v7-m/nofp\libc_nano.a(lib_a-init.o)
                              c:/st/stm32cubeide_1.7.0/stm32cubeide/plugins/com.st.stm32cube.ide.mcu.externaltools.gnu-tools-for-stm32.9-2020-q2-update.win32_2.0.0.202105311346/tools/bin/../lib/gcc/arm-none-eabi/9.3.1/../../../../arm-none-eabi/lib/thumb/v7-m/nofp/crt0.o (__libc_init_array)
c:/st/stm32cubeide_1.7.0/stm32cubeide/plugins/com.st.stm32cube.ide.mcu.externaltools.gnu-tools-for-stm32.9-2020-q2-update.win32_2.0.0.202105311346/tools/bin/../lib/gcc/arm-none-eabi/9.3.1/../../../../arm-none-eabi/lib/thumb/v7-m/nofp\libc_nano.a(lib_a-memset.o)
                              c:/st/stm32cubeide_1.7.0/stm32cubeide/plugins/com.st.stm32cube.ide.mcu.externaltools.gnu-tools-for-stm32.9-2020-q2-update.win32_2.0.0.202105311346/tools/bin/../lib/gcc/arm-none-eabi/9.3.1/../../../../arm-none-eabi/lib/thumb/v7-m/nofp/crt0.o (memset)

Allocating common symbols
Common symbol       size              file

uwTick              0x4               ./Drivers/STM32F1xx_HAL_Driver/Src/stm32f1xx_hal.o
pFlash              0x20              ./Drivers/STM32F1xx_HAL_Driver/Src/stm32f1xx_hal_flash.o
htim2               0x48              ./Core/Src/main.o

Discarded input sections

 .text          0x0000000000000000        0x0 c:/st/stm32cubeide_1.7.0/stm32cubeide/plugins/com.st.stm32cube.ide.mcu.externaltools.gnu-tools-for-stm32.9-2020-q2-update.win32_2.0.0.202105311346/tools/bin/../lib/gcc/arm-none-eabi/9.3.1/thumb/v7-m/nofp/crti.o
 .data          0x0000000000000000        0x0 c:/st/stm32cubeide_1.7.0/stm32cubeide/plugins/com.st.stm32cube.ide.mcu.externaltools.gnu-tools-for-stm32.9-2020-q2-update.win32_2.0.0.202105311346/tools/bin/../lib/gcc/arm-none-eabi/9.3.1/thumb/v7-m/nofp/crti.o
 .bss           0x0000000000000000        0x0 c:/st/stm32cubeide_1.7.0/stm32cubeide/plugins/com.st.stm32cube.ide.mcu.externaltools.gnu-tools-for-stm32.9-2020-q2-update.win32_2.0.0.202105311346/tools/bin/../lib/gcc/arm-none-eabi/9.3.1/thumb/v7-m/nofp/crti.o
 .data          0x0000000000000000        0x4 c:/st/stm32cubeide_1.7.0/stm32cubeide/plugins/com.st.stm32cube.ide.mcu.externaltools.gnu-tools-for-stm32.9-2020-q2-update.win32_2.0.0.202105311346/tools/bin/../lib/gcc/arm-none-eabi/9.3.1/thumb/v7-m/nofp/crtbegin.o
 .text          0x0000000000000000       0x7c c:/st/stm32cubeide_1.7.0/stm32cubeide/plugins/com.st.stm32cube.ide.mcu.externaltools.gnu-tools-for-stm32.9-2020-q2-update.win32_2.0.0.202105311346/tools/bin/../lib/gcc/arm-none-eabi/9.3.1/../../../../arm-none-eabi/lib/thumb/v7-m/nofp/crt0.o
 .data          0x0000000000000000        0x0 c:/st/stm32cubeide_1.7.0/stm32cubeide/plugins/com.st.stm32cube.ide.mcu.externaltools.gnu-tools-for-stm32.9-2020-q2-update.win32_2.0.0.202105311346/tools/bin/../lib/gcc/arm-none-eabi/9.3.1/../../../../arm-none-eabi/lib/thumb/v7-m/nofp/crt0.o
 .bss           0x0000000000000000        0x0 c:/st/stm32cubeide_1.7.0/stm32cubeide/plugins/com.st.stm32cube.ide.mcu.externaltools.gnu-tools-for-stm32.9-2020-q2-update.win32_2.0.0.202105311346/tools/bin/../lib/gcc/arm-none-eabi/9.3.1/../../../../arm-none-eabi/lib/thumb/v7-m/nofp/crt0.o
[...]
Memory Configuration

Name             Origin             Length             Attributes
RAM              0x0000000020000000 0x0000000000002800 xrw
FLASH            0x0000000008000000 0x0000000000008000 xr
*default*        0x0000000000000000 0xffffffffffffffff

Linker script and memory map

LOAD c:/st/stm32cubeide_1.7.0/stm32cubeide/plugins/com.st.stm32cube.ide.mcu.externaltools.gnu-tools-for-stm32.9-2020-q2-update.win32_2.0.0.202105311346/tools/bin/../lib/gcc/arm-none-eabi/9.3.1/thumb/v7-m/nofp/crti.o
LOAD c:/st/stm32cubeide_1.7.0/stm32cubeide/plugins/com.st.stm32cube.ide.mcu.externaltools.gnu-tools-for-stm32.9-2020-q2-update.win32_2.0.0.202105311346/tools/bin/../lib/gcc/arm-none-eabi/9.3.1/thumb/v7-m/nofp/crtbegin.o
LOAD c:/st/stm32cubeide_1.7.0/stm32cubeide/plugins/com.st.stm32cube.ide.mcu.externaltools.gnu-tools-for-stm32.9-2020-q2-update.win32_2.0.0.202105311346/tools/bin/../lib/gcc/arm-none-eabi/9.3.1/../../../../arm-none-eabi/lib/thumb/v7-m/nofp/crt0.o
LOAD ./Core/Src/button.o
LOAD ./Core/Src/fsm_automatic.o
LOAD ./Core/Src/fsm_manual.o
LOAD ./Core/Src/global.o
LOAD ./Core/Src/main.o
LOAD ./Core/Src/stm32f1xx_hal_msp.o
LOAD ./Core/Src/stm32f1xx_it.o
LOAD ./Core/Src/syscalls.o
LOAD ./Core/Src/sysmem.o
LOAD ./Core/Src/system_stm32f1xx.o
LOAD ./Core/Src/timer.o
LOAD ./Core/Src/traffic.o
LOAD ./Core/Startup/startup_stm32f103c6ux.o
LOAD ./Drivers/STM32F1xx_HAL_Driver/Src/stm32f1xx_hal.o
LOAD ./Drivers/STM32F1xx_HAL_Driver/Src/stm32f1xx_hal_cortex.o
LOAD ./Drivers/STM32F1xx_HAL_Driver/Src/stm32f1xx_hal_dma.o
LOAD ./Drivers/STM32F1xx_HAL_Driver/Src/stm32f1xx_hal_exti.o
LOAD ./Drivers/STM32F1xx_HAL_Driver/Src/stm32f1xx_hal_flash.o
LOAD ./Drivers/STM32F1xx_HAL_Driver/Src/stm32f1xx_hal_flash_ex.o
LOAD ./Drivers/STM32F1xx_HAL_Driver/Src/stm32f1xx_hal_gpio.o
LOAD ./Drivers/STM32F1xx_HAL_Driver/Src/stm32f1xx_hal_gpio_ex.o
LOAD ./Drivers/STM32F1xx_HAL_Driver/Src/stm32f1xx_hal_pwr.o
LOAD ./Drivers/STM32F1xx_HAL_Driver/Src/stm32f1xx_hal_rcc.o
LOAD ./Drivers/STM32F1xx_HAL_Driver/Src/stm32f1xx_hal_rcc_ex.o
LOAD ./Drivers/STM32F1xx_HAL_Driver/Src/stm32f1xx_hal_tim.o
LOAD ./Drivers/STM32F1xx_HAL_Driver/Src/stm32f1xx_hal_tim_ex.o
START GROUP
LOAD c:/st/stm32cubeide_1.7.0/stm32cubeide/plugins/com.st.stm32cube.ide.mcu.externaltools.gnu-tools-for-stm32.9-2020-q2-update.win32_2.0.0.202105311346/tools/bin/../lib/gcc/arm-none-eabi/9.3.1/../../../../arm-none-eabi/lib/thumb/v7-m/nofp\libc_nano.a
LOAD c:/st/stm32cubeide_1.7.0/stm32cubeide/plugins/com.st.stm32cube.ide.mcu.externaltools.gnu-tools-for-stm32.9-2020-q2-update.win32_2.0.0.202105311346/tools/bin/../lib/gcc/arm-none-eabi/9.3.1/../../../../arm-none-eabi/lib/thumb/v7-m/nofp\libm.a
END GROUP
START GROUP
LOAD c:/st/stm32cubeide_1.7.0/stm32cubeide/plugins/com.st.stm32cube.ide.mcu.externaltools.gnu-tools-for-stm32.9-2020-q2-update.win32_2.0.0.202105311346/tools/bin/../lib/gcc/arm-none-eabi/9.3.1/thumb/v7-m/nofp\libgcc.a
LOAD c:/st/stm32cubeide_1.7.0/stm32cubeide/plugins/com.st.stm32cube.ide.mcu.externaltools.gnu-tools-for-stm32.9-2020-q2-update.win32_2.0.0.202105311346/tools/bin/../lib/gcc/arm-none-eabi/9.3.1/../../../../arm-none-eabi/lib/thumb/v7-m/nofp\libc_nano.a
END GROUP
START GROUP
LOAD c:/st/stm32cubeide_1.7.0/stm32cubeide/plugins/com.st.stm32cube.ide.mcu.externaltools.gnu-tools-for-stm32.9-2020-q2-update.win32_2.0.0.202105311346/tools/bin/../lib/gcc/arm-none-eabi/9.3.1/thumb/v7-m/nofp\libgcc.a
LOAD c:/st/stm32cubeide_1.7.0/stm32cubeide/plugins/com.st.stm32cube.ide.mcu.externaltools.gnu-tools-for-stm32.9-2020-q2-update.win32_2.0.0.202105311346/tools/bin/../lib/gcc/arm-none-eabi/9.3.1/../../../../arm-none-eabi/lib/thumb/v7-m/nofp\libc_nano.a
LOAD c:/st/stm32cubeide_1.7.0/stm32cubeide/plugins/com.st.stm32cube.ide.mcu.externaltools.gnu-tools-for-stm32.9-2020-q2-update.win32_2.0.0.202105311346/tools/bin/../lib/gcc/arm-none-eabi/9.3.1/../../../../arm-none-eabi/lib/thumb/v7-m/nofp\libnosys.a
END GROUP
START GROUP
LOAD c:/st/stm32cubeide_1.7.0/stm32cubeide/plugins/com.st.stm32cube.ide.mcu.externaltools.gnu-tools-for-stm32.9-2020-q2-update.win32_2.0.0.202105311346/tools/bin/../lib/gcc/arm-none-eabi/9.3.1/thumb/v7-m/nofp\libgcc.a
LOAD c:/st/stm32cubeide_1.7.0/stm32cubeide/plugins/com.st.stm32cube.ide.mcu.externaltools.gnu-tools-for-stm32.9-2020-q2-update.win32_2.0.0.202105311346/tools/bin/../lib/gcc/arm-none-eabi/9.3.1/../../../../arm-none-eabi/lib/thumb/v7-m/nofp\libc_nano.a
LOAD c:/st/stm32cubeide_1.7.0/stm32cubeide/plugins/com.st.stm32cube.ide.mcu.externaltools.gnu-tools-for-stm32.9-2020-q2-update.win32_2.0.0.202105311346/tools/bin/../lib/gcc/arm-none-eabi/9.3.1/../../../../arm-none-eabi/lib/thumb/v7-m/nofp\libnosys.a
END GROUP
LOAD c:/st/stm32cubeide_1.7.0/stm32cubeide/plugins/com.st.stm32cube.ide.mcu.externaltools.gnu-tools-for-stm32.9-2020-q2-update.win32_2.0.0.202105311346/tools/bin/../lib/gcc/arm-none-eabi/9.3.1/thumb/v7-m/nofp/crtend.o
LOAD c:/st/stm32cubeide_1.7.0/stm32cubeide/plugins/com.st.stm32cube.ide.mcu.externaltools.gnu-tools-for-stm32.9-2020-q2-update.win32_2.0.0.202105311346/tools/bin/../lib/gcc/arm-none-eabi/9.3.1/thumb/v7-m/nofp/crtn.o
                0x0000000020002800                _estack = (ORIGIN (RAM) + LENGTH (RAM))
                0x0000000000000200                _Min_Heap_Size = 0x200
                0x0000000000000400                _Min_Stack_Size = 0x400

.isr_vector     0x0000000008000000      0x10c
                0x0000000008000000                . = ALIGN (0x4)
 *(.isr_vector)
 .isr_vector    0x0000000008000000      0x10c ./Core/Startup/startup_stm32f103c6ux.o
                0x0000000008000000                g_pfnVectors
                0x000000000800010c                . = ALIGN (0x4)

.text           0x000000000800010c     0x26f4
                0x000000000800010c                . = ALIGN (0x4)
 *(.text)
 .text          0x000000000800010c       0x40 c:/st/stm32cubeide_1.7.0/stm32cubeide/plugins/com.st.stm32cube.ide.mcu.externaltools.gnu-tools-for-stm32.9-2020-q2-update.win32_2.0.0.202105311346/tools/bin/../lib/gcc/arm-none-eabi/9.3.1/thumb/v7-m/nofp/crtbegin.o
 *(.text*)
 .text.isButtonPressed
                0x000000000800014c       0x34 ./Core/Src/button.o
                0x000000000800014c                isButtonPressed
 .text.button_process
                0x0000000008000180       0x2c ./Core/Src/button.o
                0x0000000008000180                button_process
 .text.button_reading
                0x00000000080001ac      0x1d4 ./Core/Src/button.o
                0x00000000080001ac                button_reading
 .text.fsm_automatic_run
                0x0000000008000380      0x438 ./Core/Src/fsm_automatic.o
                0x0000000008000380                fsm_automatic_run
 .text.fsm_manual_run
                0x00000000080007b8      0x294 ./Core/Src/fsm_manual.o
                0x00000000080007b8                fsm_manual_run
 .text.main     0x0000000008000a4c       0x34 ./Core/Src/main.o
                0x0000000008000a4c                main
 .text.SystemClock_Config
                0x0000000008000a80       0x76 ./Core/Src/main.o
                0x0000000008000a80                SystemClock_Config
 *fill*         0x0000000008000af6        0x2 
 .text.MX_TIM2_Init
                0x0000000008000af8       0x98 ./Core/Src/main.o
 .text.MX_GPIO_Init
                0x0000000008000b90       0xdc ./Core/Src/main.o
 .text.Error_Handler
                0x0000000008000c6c        0xa ./Core/Src/main.o
                0x0000000008000c6c                Error_Handler
 *fill*         0x0000000008000c76        0x2 
 .text.HAL_MspInit
                0x0000000008000c78       0x64 ./Core/Src/stm32f1xx_hal_msp.o
                0x0000000008000c78                HAL_MspInit
 .text.HAL_TIM_Base_MspInit
                0x0000000008000cdc       0x48 ./Core/Src/stm32f1xx_hal_msp.o
                0x0000000008000cdc                HAL_TIM_Base_MspInit
 .text.NMI_Handler
                0x0000000008000d24        0x6 ./Core/Src/stm32f1xx_it.o
                0x0000000008000d24                NMI_Handler
 .text.HardFault_Handler
                0x0000000008000d2a        0x6 ./Core/Src/stm32f1xx_it.o
                0x0000000008000d2a                HardFault_Handler
 .text.MemManage_Handler
                0x0000000008000d30        0x6 ./Core/Src/stm32f1xx_it.o
                0x0000000008000d30                MemManage_Handler
 .text.BusFault_Handler
                0x0000000008000d36        0x6 ./Core/Src/stm32f1xx_it.o
                0x0000000008000d36                BusFault_Handler
 .text.UsageFault_Handler
                0x0000000008000d3c        0x6 ./Core/Src/stm32f1xx_it.o
                0x0000000008000d3c                UsageFault_Handler
 .text.SVC_Handler
                0x0000000008000d42        0xc ./Core/Src/stm32f1xx_it.o
                0x0000000008000d42                SVC_Handler
 .text.DebugMon_Handler
                0x0000000008000d4e        0xc ./Core/Src/stm32f1xx_it.o
                0x0000000008000d4e                DebugMon_Handler
 .text.PendSV_Handler
                0x0000000008000d5a        0xc ./Core/Src/stm32f1xx_it.o
                0x0000000008000d5a                PendSV_Handler
 .text.SysTick_Handler
                0x0000000008000d66        0xc ./Core/Src/stm32f1xx_it.o
                0x0000000008000d66                SysTick_Handler
 *fill*         0x0000000008000d72        0x2 
 .text.TIM2_IRQHandler
                0x0000000008000d74       0x14 ./Core/Src/stm32f1xx_it.o
                0x0000000008000d74                TIM2_IRQHandler
 .text.SystemInit
                0x0000000008000d88        0xc ./Core/Src/system_stm32f1xx.o
                0x0000000008000d88                SystemInit
 .text.setTimer1
                0x0000000008000d94       0x38 ./Core/Src/timer.o
                0x0000000008000d94                setTimer1
 .text.setTimer2
                0x0000000008000dcc       0x38 ./Core/Src/timer.o
                0x0000000008000dcc                setTimer2
 .text.timer_run
                0x0000000008000e04       0x5c ./Core/Src/timer.o
                0x0000000008000e04                timer_run
 .text.HAL_TIM_PeriodElapsedCallback
                0x0000000008000e60       0x18 ./Core/Src/timer.o
                0x0000000008000e60                HAL_TIM_PeriodElapsedCallback
 .text.set_traffic1_red
                0x0000000008000e78       0x30 ./Core/Src/traffic.o
                0x0000000008000e78                set_traffic1_red
 .text.set_traffic2_red
                0x0000000008000ea8       0x30 ./Core/Src/traffic.o
                0x0000000008000ea8                set_traffic2_red
 .text.set_traffic1_green
                0x0000000008000ed8       0x30 ./Core/Src/traffic.o
                0x0000000008000ed8                set_traffic1_green
 .text.set_traffic2_green
                0x0000000008000f08       0x30 ./Core/Src/traffic.o
                0x0000000008000f08                set_traffic2_green
 .text.set_traffic1_yellow
                0x0000000008000f38       0x30 ./Core/Src/traffic.o
                0x0000000008000f38                set_traffic1_yellow
 .text.set_traffic2_yellow
                0x0000000008000f68       0x30 ./Core/Src/traffic.o
                0x0000000008000f68                set_traffic2_yellow
 .text.toggle_traffic_red
                0x0000000008000f98       0x20 ./Core/Src/traffic.o
                0x0000000008000f98                toggle_traffic_red
 .text.toggle_traffic_green
                0x0000000008000fb8       0x20 ./Core/Src/traffic.o
                0x0000000008000fb8                toggle_traffic_green
 .text.toggle_traffic_yellow
                0x0000000008000fd8       0x20 ./Core/Src/traffic.o
                0x0000000008000fd8                toggle_traffic_yellow
 .text.display_traffic_7SEG
                0x0000000008000ff8       0x64 ./Core/Src/traffic.o
                0x0000000008000ff8                display_traffic_7SEG
 .text.display_7SEG
                0x000000000800105c       0xec ./Core/Src/traffic.o
                0x000000000800105c                display_7SEG
 .text.Reset_Handler
                0x0000000008001148       0x48 ./Core/Startup/startup_stm32f103c6ux.o
                0x0000000008001148                Reset_Handler
 .text.Default_Handler
                0x0000000008001190        0x2 ./Core/Startup/startup_stm32f103c6ux.o
                0x0000000008001190                RTC_Alarm_IRQHandler
                0x0000000008001190                EXTI2_IRQHandler
                0x0000000008001190                TIM1_CC_IRQHandler
                0x0000000008001190                PVD_IRQHandler
                0x0000000008001190                EXTI3_IRQHandler
                0x0000000008001190                EXTI0_IRQHandler
                0x0000000008001190                ADC1_2_IRQHandler
                0x0000000008001190                SPI1_IRQHandler
                0x0000000008001190                TAMPER_IRQHandler
                0x0000000008001190                DMA1_Channel4_IRQHandler
                0x0000000008001190                RTC_IRQHandler
                0x0000000008001190                DMA1_Channel7_IRQHandler
                0x0000000008001190                CAN1_RX1_IRQHandler
                0x0000000008001190                I2C1_EV_IRQHandler
                0x0000000008001190                DMA1_Channel6_IRQHandler
                0x0000000008001190                TIM3_IRQHandler
                0x0000000008001190                RCC_IRQHandler
                0x0000000008001190                TIM1_TRG_COM_IRQHandler
                0x0000000008001190                DMA1_Channel1_IRQHandler
                0x0000000008001190                Default_Handler
                0x0000000008001190                EXTI15_10_IRQHandler
                0x0000000008001190                EXTI9_5_IRQHandler
                0x0000000008001190                DMA1_Channel5_IRQHandler
                0x0000000008001190                EXTI4_IRQHandler
                0x0000000008001190                USB_LP_CAN1_RX0_IRQHandler
                0x0000000008001190                USB_HP_CAN1_TX_IRQHandler
                0x0000000008001190                DMA1_Channel3_IRQHandler
                0x0000000008001190                TIM1_UP_IRQHandler
                0x0000000008001190                WWDG_IRQHandler
                0x0000000008001190                TIM1_BRK_IRQHandler
                0x0000000008001190                EXTI1_IRQHandler
                0x0000000008001190                USART2_IRQHandler
                0x0000000008001190                DMA1_Channel2_IRQHandler
                0x0000000008001190                CAN1_SCE_IRQHandler
                0x0000000008001190                FLASH_IRQHandler
                0x0000000008001190                USART1_IRQHandler
                0x0000000008001190                I2C1_ER_IRQHandler
                0x0000000008001190                USBWakeUp_IRQHandler
 *fill*         0x0000000008001192        0x2 
 .text.HAL_Init
                0x0000000008001194       0x2c ./Drivers/STM32F1xx_HAL_Driver/Src/stm32f1xx_hal.o
                0x0000000008001194                HAL_Init
 .text.HAL_InitTick
                0x00000000080011c0       0x60 ./Drivers/STM32F1xx_HAL_Driver/Src/stm32f1xx_hal.o
                0x00000000080011c0                HAL_InitTick
 .text.HAL_IncTick
                0x0000000008001220       0x24 ./Drivers/STM32F1xx_HAL_Driver/Src/stm32f1xx_hal.o
                0x0000000008001220                HAL_IncTick
 .text.HAL_GetTick
                0x0000000008001244       0x14 ./Drivers/STM32F1xx_HAL_Driver/Src/stm32f1xx_hal.o
                0x0000000008001244                HAL_GetTick
 .text.__NVIC_SetPriorityGrouping
                0x0000000008001258       0x48 ./Drivers/STM32F1xx_HAL_Driver/Src/stm32f1xx_hal_cortex.o
 .text.__NVIC_GetPriorityGrouping
                0x00000000080012a0       0x1c ./Drivers/STM32F1xx_HAL_Driver/Src/stm32f1xx_hal_cortex.o
 .text.__NVIC_EnableIRQ
                0x00000000080012bc       0x38 ./Drivers/STM32F1xx_HAL_Driver/Src/stm32f1xx_hal_cortex.o
 .text.__NVIC_SetPriority
                0x00000000080012f4       0x54 ./Drivers/STM32F1xx_HAL_Driver/Src/stm32f1xx_hal_cortex.o
 .text.NVIC_EncodePriority
                0x0000000008001348       0x64 ./Drivers/STM32F1xx_HAL_Driver/Src/stm32f1xx_hal_cortex.o
 .text.SysTick_Config
                0x00000000080013ac       0x44 ./Drivers/STM32F1xx_HAL_Driver/Src/stm32f1xx_hal_cortex.o
 .text.HAL_NVIC_SetPriorityGrouping
                0x00000000080013f0       0x16 ./Drivers/STM32F1xx_HAL_Driver/Src/stm32f1xx_hal_cortex.o
                0x00000000080013f0                HAL_NVIC_SetPriorityGrouping
 .text.HAL_NVIC_SetPriority
                0x0000000008001406       0x38 ./Drivers/STM32F1xx_HAL_Driver/Src/stm32f1xx_hal_cortex.o
                0x0000000008001406                HAL_NVIC_SetPriority
 .text.HAL_NVIC_EnableIRQ
                0x000000000800143e       0x1c ./Drivers/STM32F1xx_HAL_Driver/Src/stm32f1xx_hal_cortex.o
                0x000000000800143e                HAL_NVIC_EnableIRQ
 .text.HAL_SYSTICK_Config
                0x000000000800145a       0x18 ./Drivers/STM32F1xx_HAL_Driver/Src/stm32f1xx_hal_cortex.o
                0x000000000800145a                HAL_SYSTICK_Config
 *fill*         0x0000000008001472        0x2 
 .text.HAL_GPIO_Init
                0x0000000008001474      0x2f4 ./Drivers/STM32F1xx_HAL_Driver/Src/stm32f1xx_hal_gpio.o
                0x0000000008001474                HAL_GPIO_Init
 .text.HAL_GPIO_ReadPin
                0x0000000008001768       0x2e ./Drivers/STM32F1xx_HAL_Driver/Src/stm32f1xx_hal_gpio.o
                0x0000000008001768                HAL_GPIO_ReadPin
 .text.HAL_GPIO_WritePin
                0x0000000008001796       0x30 ./Drivers/STM32F1xx_HAL_Driver/Src/stm32f1xx_hal_gpio.o
                0x0000000008001796                HAL_GPIO_WritePin
 .text.HAL_GPIO_TogglePin
                0x00000000080017c6       0x32 ./Drivers/STM32F1xx_HAL_Driver/Src/stm32f1xx_hal_gpio.o
                0x00000000080017c6                HAL_GPIO_TogglePin
 .text.HAL_RCC_OscConfig
                0x00000000080017f8      0x500 ./Drivers/STM32F1xx_HAL_Driver/Src/stm32f1xx_hal_rcc.o
                0x00000000080017f8                HAL_RCC_OscConfig
 .text.HAL_RCC_ClockConfig
                0x0000000008001cf8      0x1d4 ./Drivers/STM32F1xx_HAL_Driver/Src/stm32f1xx_hal_rcc.o
                0x0000000008001cf8                HAL_RCC_ClockConfig
 .text.HAL_RCC_GetSysClockFreq
                0x0000000008001ecc       0xc0 ./Drivers/STM32F1xx_HAL_Driver/Src/stm32f1xx_hal_rcc.o
                0x0000000008001ecc                HAL_RCC_GetSysClockFreq
 .text.RCC_Delay
                0x0000000008001f8c       0x3c ./Drivers/STM32F1xx_HAL_Driver/Src/stm32f1xx_hal_rcc.o
 .text.HAL_TIM_Base_Init
                0x0000000008001fc8       0x9e ./Drivers/STM32F1xx_HAL_Driver/Src/stm32f1xx_hal_tim.o
                0x0000000008001fc8                HAL_TIM_Base_Init
 *fill*         0x0000000008002066        0x2 
 .text.HAL_TIM_Base_Start_IT
                0x0000000008002068       0x98 ./Drivers/STM32F1xx_HAL_Driver/Src/stm32f1xx_hal_tim.o
                0x0000000008002068                HAL_TIM_Base_Start_IT
 .text.HAL_TIM_IRQHandler
                0x0000000008002100      0x210 ./Drivers/STM32F1xx_HAL_Driver/Src/stm32f1xx_hal_tim.o
                0x0000000008002100                HAL_TIM_IRQHandler
 .text.HAL_TIM_ConfigClockSource
                0x0000000008002310      0x188 ./Drivers/STM32F1xx_HAL_Driver/Src/stm32f1xx_hal_tim.o
                0x0000000008002310                HAL_TIM_ConfigClockSource
 .text.HAL_TIM_OC_DelayElapsedCallback
                0x0000000008002498       0x12 ./Drivers/STM32F1xx_HAL_Driver/Src/stm32f1xx_hal_tim.o
                0x0000000008002498                HAL_TIM_OC_DelayElapsedCallback
 .text.HAL_TIM_IC_CaptureCallback
                0x00000000080024aa       0x12 ./Drivers/STM32F1xx_HAL_Driver/Src/stm32f1xx_hal_tim.o
                0x00000000080024aa                HAL_TIM_IC_CaptureCallback
 .text.HAL_TIM_PWM_PulseFinishedCallback
                0x00000000080024bc       0x12 ./Drivers/STM32F1xx_HAL_Driver/Src/stm32f1xx_hal_tim.o
                0x00000000080024bc                HAL_TIM_PWM_PulseFinishedCallback
 .text.HAL_TIM_TriggerCallback
                0x00000000080024ce       0x12 ./Drivers/STM32F1xx_HAL_Driver/Src/stm32f1xx_hal_tim.o
                0x00000000080024ce                HAL_TIM_TriggerCallback
 .text.TIM_Base_SetConfig
                0x00000000080024e0       0xb0 ./Drivers/STM32F1xx_HAL_Driver/Src/stm32f1xx_hal_tim.o
                0x00000000080024e0                TIM_Base_SetConfig
 .text.TIM_TI1_ConfigInputStage
                0x0000000008002590       0x5c ./Drivers/STM32F1xx_HAL_Driver/Src/stm32f1xx_hal_tim.o
 .text.TIM_TI2_ConfigInputStage
                0x00000000080025ec       0x5e ./Drivers/STM32F1xx_HAL_Driver/Src/stm32f1xx_hal_tim.o
 .text.TIM_ITRx_SetConfig
                0x000000000800264a       0x34 ./Drivers/STM32F1xx_HAL_Driver/Src/stm32f1xx_hal_tim.o
 .text.TIM_ETR_SetConfig
                0x000000000800267e       0x3e ./Drivers/STM32F1xx_HAL_Driver/Src/stm32f1xx_hal_tim.o
                0x000000000800267e                TIM_ETR_SetConfig
 .text.HAL_TIMEx_MasterConfigSynchronization
                0x00000000080026bc       0xb0 ./Drivers/STM32F1xx_HAL_Driver/Src/stm32f1xx_hal_tim_ex.o
                0x00000000080026bc                HAL_TIMEx_MasterConfigSynchronization
 .text.HAL_TIMEx_CommutCallback
                0x000000000800276c       0x12 ./Drivers/STM32F1xx_HAL_Driver/Src/stm32f1xx_hal_tim_ex.o
                0x000000000800276c                HAL_TIMEx_CommutCallback
 .text.HAL_TIMEx_BreakCallback
                0x000000000800277e       0x12 ./Drivers/STM32F1xx_HAL_Driver/Src/stm32f1xx_hal_tim_ex.o
                0x000000000800277e                HAL_TIMEx_BreakCallback
 .text.__libc_init_array
                0x0000000008002790       0x48 c:/st/stm32cubeide_1.7.0/stm32cubeide/plugins/com.st.stm32cube.ide.mcu.externaltools.gnu-tools-for-stm32.9-2020-q2-update.win32_2.0.0.202105311346/tools/bin/../lib/gcc/arm-none-eabi/9.3.1/../../../../arm-none-eabi/lib/thumb/v7-m/nofp\libc_nano.a(lib_a-init.o)
                0x0000000008002790                __libc_init_array
 .text.memset   0x00000000080027d8       0x10 c:/st/stm32cubeide_1.7.0/stm32cubeide/plugins/com.st.stm32cube.ide.mcu.externaltools.gnu-tools-for-stm32.9-2020-q2-update.win32_2.0.0.202105311346/tools/bin/../lib/gcc/arm-none-eabi/9.3.1/../../../../arm-none-eabi/lib/thumb/v7-m/nofp\libc_nano.a(lib_a-memset.o)
                0x00000000080027d8                memset
 *(.glue_7)
 .glue_7        0x00000000080027e8        0x0 linker stubs
 *(.glue_7t)
 .glue_7t       0x00000000080027e8        0x0 linker stubs
 *(.eh_frame)
 .eh_frame      0x00000000080027e8        0x0 c:/st/stm32cubeide_1.7.0/stm32cubeide/plugins/com.st.stm32cube.ide.mcu.externaltools.gnu-tools-for-stm32.9-2020-q2-update.win32_2.0.0.202105311346/tools/bin/../lib/gcc/arm-none-eabi/9.3.1/thumb/v7-m/nofp/crtbegin.o
 *(.init)
 .init          0x00000000080027e8        0x4 c:/st/stm32cubeide_1.7.0/stm32cubeide/plugins/com.st.stm32cube.ide.mcu.externaltools.gnu-tools-for-stm32.9-2020-q2-update.win32_2.0.0.202105311346/tools/bin/../lib/gcc/arm-none-eabi/9.3.1/thumb/v7-m/nofp/crti.o
                0x00000000080027e8                _init
 .init          0x00000000080027ec        0x8 c:/st/stm32cubeide_1.7.0/stm32cubeide/plugins/com.st.stm32cube.ide.mcu.externaltools.gnu-tools-for-stm32.9-2020-q2-update.win32_2.0.0.202105311346/tools/bin/../lib/gcc/arm-none-eabi/9.3.1/thumb/v7-m/nofp/crtn.o
 *(.fini)
 .fini          0x00000000080027f4        0x4 c:/st/stm32cubeide_1.7.0/stm32cubeide/plugins/com.st.stm32cube.ide.mcu.externaltools.gnu-tools-for-stm32.9-2020-q2-update.win32_2.0.0.202105311346/tools/bin/../lib/gcc/arm-none-eabi/9.3.1/thumb/v7-m/nofp/crti.o
                0x00000000080027f4                _fini
 .fini          0x00000000080027f8        0x8 c:/st/stm32cubeide_1.7.0/stm32cubeide/plugins/com.st.stm32cube.ide.mcu.externaltools.gnu-tools-for-stm32.9-2020-q2-update.win32_2.0.0.202105311346/tools/bin/../lib/gcc/arm-none-eabi/9.3.1/thumb/v7-m/nofp/crtn.o
                0x0000000008002800                . = ALIGN (0x4)
                0x0000000008002800                _etext = .

.vfp11_veneer   0x0000000008002800        0x0
 .vfp11_veneer  0x0000000008002800        0x0 linker stubs

.v4_bx          0x0000000008002800        0x0
 .v4_bx         0x0000000008002800        0x0 linker stubs

.iplt           0x0000000008002800        0x0
 .iplt          0x0000000008002800        0x0 c:/st/stm32cubeide_1.7.0/stm32cubeide/plugins/com.st.stm32cube.ide.mcu.externaltools.gnu-tools-for-stm32.9-2020-q2-update.win32_2.0.0.202105311346/tools/bin/../lib/gcc/arm-none-eabi/9.3.1/thumb/v7-m/nofp/crtbegin.o

.rodata         0x0000000008002800       0x20
                0x0000000008002800                . = ALIGN (0x4)
 *(.rodata)
 .rodata        0x0000000008002800       0x10 ./Drivers/STM32F1xx_HAL_Driver/Src/stm32f1xx_hal_rcc.o
 *(.rodata*)
 .rodata.AHBPrescTable
                0x0000000008002810       0x10 ./Core/Src/system_stm32f1xx.o
                0x0000000008002810                AHBPrescTable
                0x0000000008002820                . = ALIGN (0x4)

.rel.dyn        0x0000000008002820        0x0
 .rel.iplt      0x0000000008002820        0x0 c:/st/stm32cubeide_1.7.0/stm32cubeide/plugins/com.st.stm32cube.ide.mcu.externaltools.gnu-tools-for-stm32.9-2020-q2-update.win32_2.0.0.202105311346/tools/bin/../lib/gcc/arm-none-eabi/9.3.1/thumb/v7-m/nofp/crtbegin.o

.ARM.extab      0x0000000008002820        0x0
                0x0000000008002820                . = ALIGN (0x4)
 *(.ARM.extab* .gnu.linkonce.armextab.*)
                0x0000000008002820                . = ALIGN (0x4)

.ARM            0x0000000008002820        0x0
                0x0000000008002820                . = ALIGN (0x4)
                0x0000000008002820                __exidx_start = .
 *(.ARM.exidx*)
                0x0000000008002820                __exidx_end = .
                0x0000000008002820                . = ALIGN (0x4)

.preinit_array  0x0000000008002820        0x0
                0x0000000008002820                . = ALIGN (0x4)
                0x0000000008002820                PROVIDE (__preinit_array_start = .)
 *(.preinit_array*)
                0x0000000008002820                PROVIDE (__preinit_array_end = .)
                0x0000000008002820                . = ALIGN (0x4)

.init_array     0x0000000008002820        0x4
                0x0000000008002820                . = ALIGN (0x4)
                0x0000000008002820                PROVIDE (__init_array_start = .)
 *(SORT_BY_NAME(.init_array.*))
 *(.init_array*)
 .init_array    0x0000000008002820        0x4 c:/st/stm32cubeide_1.7.0/stm32cubeide/plugins/com.st.stm32cube.ide.mcu.externaltools.gnu-tools-for-stm32.9-2020-q2-update.win32_2.0.0.202105311346/tools/bin/../lib/gcc/arm-none-eabi/9.3.1/thumb/v7-m/nofp/crtbegin.o
                0x0000000008002824                PROVIDE (__init_array_end = .)
                0x0000000008002824                . = ALIGN (0x4)

.fini_array     0x0000000008002824        0x4
                0x0000000008002824                . = ALIGN (0x4)
                [!provide]                        PROVIDE (__fini_array_start = .)
 *(SORT_BY_NAME(.fini_array.*))
 *(.fini_array*)
 .fini_array    0x0000000008002824        0x4 c:/st/stm32cubeide_1.7.0/stm32cubeide/plugins/com.st.stm32cube.ide.mcu.externaltools.gnu-tools-for-stm32.9-2020-q2-update.win32_2.0.0.202105311346/tools/bin/../lib/gcc/arm-none-eabi/9.3.1/thumb/v7-m/nofp/crtbegin.o
                [!provide]                        PROVIDE (__fini_array_end = .)
                0x0000000008002828                . = ALIGN (0x4)
                0x0000000008002828                _sidata = LOADADDR (.data)

.data           0x0000000020000000       0x30 load address 0x0000000008002828
                0x0000000020000000                . = ALIGN (0x4)
                0x0000000020000000                _sdata = .
 *(.data)
 *(.data*)
 .data.button_state
                0x0000000020000000        0xc ./Core/Src/button.o
 .data.config_red
                0x000000002000000c        0x4 ./Core/Src/global.o
                0x000000002000000c                config_red
 .data.config_green
                0x0000000020000010        0x4 ./Core/Src/global.o
                0x0000000020000010                config_green
 .data.config_yellow
                0x0000000020000014        0x4 ./Core/Src/global.o
                0x0000000020000014                config_yellow
 .data.counter_red
                0x0000000020000018        0x4 ./Core/Src/global.o
                0x0000000020000018                counter_red
 .data.counter_green
                0x000000002000001c        0x4 ./Core/Src/global.o
                0x000000002000001c                counter_green
 .data.counter_yellow
                0x0000000020000020        0x4 ./Core/Src/global.o
                0x0000000020000020                counter_yellow
 .data.SystemCoreClock
                0x0000000020000024        0x4 ./Core/Src/system_stm32f1xx.o
                0x0000000020000024                SystemCoreClock
 .data.uwTickPrio
                0x0000000020000028        0x4 ./Drivers/STM32F1xx_HAL_Driver/Src/stm32f1xx_hal.o
                0x0000000020000028                uwTickPrio
 .data.uwTickFreq
                0x000000002000002c        0x1 ./Drivers/STM32F1xx_HAL_Driver/Src/stm32f1xx_hal.o
                0x000000002000002c                uwTickFreq
 *(.RamFunc)
 *(.RamFunc*)
                0x0000000020000030                . = ALIGN (0x4)
 *fill*         0x000000002000002d        0x3 
                0x0000000020000030                _edata = .

.igot.plt       0x0000000020000030        0x0 load address 0x0000000008002858
 .igot.plt      0x0000000020000030        0x0 c:/st/stm32cubeide_1.7.0/stm32cubeide/plugins/com.st.stm32cube.ide.mcu.externaltools.gnu-tools-for-stm32.9-2020-q2-update.win32_2.0.0.202105311346/tools/bin/../lib/gcc/arm-none-eabi/9.3.1/thumb/v7-m/nofp/crtbegin.o
                0x0000000020000030                . = ALIGN (0x4)

.bss            0x0000000020000030       0xc4 load address 0x0000000008002858
                0x0000000020000030                _sbss = .
                0x0000000020000030                __bss_start__ = _sbss
 *(.bss)
 .bss           0x0000000020000030       0x1c c:/st/stm32cubeide_1.7.0/stm32cubeide/plugins/com.st.stm32cube.ide.mcu.externaltools.gnu-tools-for-stm32.9-2020-q2-update.win32_2.0.0.202105311346/tools/bin/../lib/gcc/arm-none-eabi/9.3.1/thumb/v7-m/nofp/crtbegin.o
 *(.bss*)
 .bss.button_buffer
                0x000000002000004c        0xc ./Core/Src/button.o
 .bss.debounce_buffer1
                0x0000000020000058        0xc ./Core/Src/button.o
 .bss.debounce_buffer2
                0x0000000020000064        0xc ./Core/Src/button.o
 .bss.debounce_buffer3
                0x0000000020000070        0xc ./Core/Src/button.o
 .bss.counter_for_button_pressed
                0x000000002000007c        0xc ./Core/Src/button.o
 .bss.button_flag
                0x0000000020000088        0xc ./Core/Src/button.o
 .bss.status    0x0000000020000094        0x4 ./Core/Src/global.o
                0x0000000020000094                status
 .bss.timer1_flag
                0x0000000020000098        0x4 ./Core/Src/timer.o
                0x0000000020000098                timer1_flag
 .bss.timer2_flag
                0x000000002000009c        0x4 ./Core/Src/timer.o
                0x000000002000009c                timer2_flag
 .bss.timer1_counter
                0x00000000200000a0        0x4 ./Core/Src/timer.o
                0x00000000200000a0                timer1_counter
 .bss.timer2_counter
                0x00000000200000a4        0x4 ./Core/Src/timer.o
                0x00000000200000a4                timer2_counter
 *(COMMON)
 COMMON         0x00000000200000a8       0x48 ./Core/Src/main.o
                0x00000000200000a8                htim2
 COMMON         0x00000000200000f0        0x4 ./Drivers/STM32F1xx_HAL_Driver/Src/stm32f1xx_hal.o
                0x00000000200000f0                uwTick
                0x00000000200000f4                . = ALIGN (0x4)
                0x00000000200000f4                _ebss = .
                0x00000000200000f4                __bss_end__ = _ebss

._user_heap_stack
                0x00000000200000f4      0x604 load address 0x0000000008002858
                0x00000000200000f8                . = ALIGN (0x8)
 *fill*         0x00000000200000f4        0x4 
                [!provide]                        PROVIDE (end = .)
                0x00000000200000f8                PROVIDE (_end = .)
                0x00000000200002f8                . = (. + _Min_Heap_Size)
 *fill*         0x00000000200000f8      0x200 
                0x00000000200006f8                . = (. + _Min_Stack_Size)
 *fill*         0x00000000200002f8      0x400 
                0x00000000200006f8                . = ALIGN (0x8)

/DISCARD/
 libc.a(*)
 libm.a(*)
 libgcc.a(*)

.ARM.attributes
                0x0000000000000000       0x29
 *(.ARM.attributes)
 .ARM.attributes
                0x0000000000000000       0x1d c:/st/stm32cubeide_1.7.0/stm32cubeide/plugins/com.st.stm32cube.ide.mcu.externaltools.gnu-tools-for-stm32.9-2020-q2-update.win32_2.0.0.202105311346/tools/bin/../lib/gcc/arm-none-eabi/9.3.1/thumb/v7-m/nofp/crti.o
 .ARM.attributes
                0x000000000000001d       0x2d c:/st/stm32cubeide_1.7.0/stm32cubeide/plugins/com.st.stm32cube.ide.mcu.externaltools.gnu-tools-for-stm32.9-2020-q2-update.win32_2.0.0.202105311346/tools/bin/../lib/gcc/arm-none-eabi/9.3.1/thumb/v7-m/nofp/crtbegin.o
 .ARM.attributes
                0x000000000000004a       0x2d ./Core/Src/button.o
 .ARM.attributes
                0x0000000000000077       0x2d ./Core/Src/fsm_automatic.o
 .ARM.attributes
                0x00000000000000a4       0x2d ./Core/Src/fsm_manual.o
 .ARM.attributes
                0x00000000000000d1       0x33 ./Core/Src/global.o
 .ARM.attributes
                0x0000000000000104       0x2d ./Core/Src/main.o
 .ARM.attributes
                0x0000000000000131       0x2d ./Core/Src/stm32f1xx_hal_msp.o
 .ARM.attributes
                0x000000000000015e       0x2d ./Core/Src/stm32f1xx_it.o
 .ARM.attributes
                0x000000000000018b       0x2d ./Core/Src/system_stm32f1xx.o
 .ARM.attributes
                0x00000000000001b8       0x2d ./Core/Src/timer.o
 .ARM.attributes
                0x00000000000001e5       0x2d ./Core/Src/traffic.o
 .ARM.attributes
                0x0000000000000212       0x21 ./Core/Startup/startup_stm32f103c6ux.o
 .ARM.attributes
                0x0000000000000233       0x2d ./Drivers/STM32F1xx_HAL_Driver/Src/stm32f1xx_hal.o
 .ARM.attributes
                0x0000000000000260       0x2d ./Drivers/STM32F1xx_HAL_Driver/Src/stm32f1xx_hal_cortex.o
 .ARM.attributes
                0x000000000000028d       0x2d ./Drivers/STM32F1xx_HAL_Driver/Src/stm32f1xx_hal_gpio.o
 .ARM.attributes
                0x00000000000002ba       0x2d ./Drivers/STM32F1xx_HAL_Driver/Src/stm32f1xx_hal_rcc.o
 .ARM.attributes
                0x00000000000002e7       0x2d ./Drivers/STM32F1xx_HAL_Driver/Src/stm32f1xx_hal_tim.o
 .ARM.attributes
                0x0000000000000314       0x2d ./Drivers/STM32F1xx_HAL_Driver/Src/stm32f1xx_hal_tim_ex.o
 .ARM.attributes
                0x0000000000000341       0x2d c:/st/stm32cubeide_1.7.0/stm32cubeide/plugins/com.st.stm32cube.ide.mcu.externaltools.gnu-tools-for-stm32.9-2020-q2-update.win32_2.0.0.202105311346/tools/bin/../lib/gcc/arm-none-eabi/9.3.1/../../../../arm-none-eabi/lib/thumb/v7-m/nofp\libc_nano.a(lib_a-init.o)
 .ARM.attributes
                0x000000000000036e       0x2d c:/st/stm32cubeide_1.7.0/stm32cubeide/plugins/com.st.stm32cube.ide.mcu.externaltools.gnu-tools-for-stm32.9-2020-q2-update.win32_2.0.0.202105311346/tools/bin/../lib/gcc/arm-none-eabi/9.3.1/../../../../arm-none-eabi/lib/thumb/v7-m/nofp\libc_nano.a(lib_a-memset.o)
 .ARM.attributes
                0x000000000000039b       0x1d c:/st/stm32cubeide_1.7.0/stm32cubeide/plugins/com.st.stm32cube.ide.mcu.externaltools.gnu-tools-for-stm32.9-2020-q2-update.win32_2.0.0.202105311346/tools/bin/../lib/gcc/arm-none-eabi/9.3.1/thumb/v7-m/nofp/crtn.o
OUTPUT(Button.elf elf32-littlearm)
LOAD linker stubs
LOAD c:/st/stm32cubeide_1.7.0/stm32cubeide/plugins/com.st.stm32cube.ide.mcu.externaltools.gnu-tools-for-stm32.9-2020-q2-update.win32_2.0.0.202105311346/tools/bin/../lib/gcc/arm-none-eabi/9.3.1/../../../../arm-none-eabi/lib/thumb/v7-m/nofp\libc.a
LOAD c:/st/stm32cubeide_1.7.0/stm32cubeide/plugins/com.st.stm32cube.ide.mcu.externaltools.gnu-tools-for-stm32.9-2020-q2-update.win32_2.0.0.202105311346/tools/bin/../lib/gcc/arm-none-eabi/9.3.1/../../../../arm-none-eabi/lib/thumb/v7-m/nofp\libm.a
LOAD c:/st/stm32cubeide_1.7.0/stm32cubeide/plugins/com.st.stm32cube.ide.mcu.externaltools.gnu-tools-for-stm32.9-2020-q2-update.win32_2.0.0.202105311346/tools/bin/../lib/gcc/arm-none-eabi/9.3.1/thumb/v7-m/nofp\libgcc.a

.debug_info     0x0000000000000000     0x9797
 .debug_info    0x0000000000000000      0x39f ./Core/Src/button.o
 .debug_info    0x000000000000039f      0x1fe ./Core/Src/fsm_automatic.o
 .debug_info    0x000000000000059d      0x1fe ./Core/Src/fsm_manual.o
 .debug_info    0x000000000000079b      0x246 ./Core/Src/global.o
 .debug_info    0x00000000000009e1      0xbd0 ./Core/Src/main.o
 .debug_info    0x00000000000015b1      0xa04 ./Core/Src/stm32f1xx_hal_msp.o
 .debug_info    0x0000000000001fb5      0x7b4 ./Core/Src/stm32f1xx_it.o
 .debug_info    0x0000000000002769      0x2be ./Core/Src/system_stm32f1xx.o
 .debug_info    0x0000000000002a27      0x826 ./Core/Src/timer.o
 .debug_info    0x000000000000324d      0x375 ./Core/Src/traffic.o
 .debug_info    0x00000000000035c2       0x22 ./Core/Startup/startup_stm32f103c6ux.o
 .debug_info    0x00000000000035e4      0x74c ./Drivers/STM32F1xx_HAL_Driver/Src/stm32f1xx_hal.o
 .debug_info    0x0000000000003d30      0xbbe ./Drivers/STM32F1xx_HAL_Driver/Src/stm32f1xx_hal_cortex.o
 .debug_info    0x00000000000048ee      0x701 ./Drivers/STM32F1xx_HAL_Driver/Src/stm32f1xx_hal_gpio.o
 .debug_info    0x0000000000004fef      0x88e ./Drivers/STM32F1xx_HAL_Driver/Src/stm32f1xx_hal_rcc.o
 .debug_info    0x000000000000587d     0x2a45 ./Drivers/STM32F1xx_HAL_Driver/Src/stm32f1xx_hal_tim.o
 .debug_info    0x00000000000082c2     0x14d5 ./Drivers/STM32F1xx_HAL_Driver/Src/stm32f1xx_hal_tim_ex.o

.debug_abbrev   0x0000000000000000     0x1b6e
 .debug_abbrev  0x0000000000000000      0x16c ./Core/Src/button.o
 .debug_abbrev  0x000000000000016c       0xb6 ./Core/Src/fsm_automatic.o
 .debug_abbrev  0x0000000000000222       0xb6 ./Core/Src/fsm_manual.o
 .debug_abbrev  0x00000000000002d8       0xa9 ./Core/Src/global.o
 .debug_abbrev  0x0000000000000381      0x21b ./Core/Src/main.o
 .debug_abbrev  0x000000000000059c      0x1b7 ./Core/Src/stm32f1xx_hal_msp.o
 .debug_abbrev  0x0000000000000753      0x176 ./Core/Src/stm32f1xx_it.o
 .debug_abbrev  0x00000000000008c9      0x14e ./Core/Src/system_stm32f1xx.o
 .debug_abbrev  0x0000000000000a17      0x1e1 ./Core/Src/timer.o
 .debug_abbrev  0x0000000000000bf8      0x145 ./Core/Src/traffic.o
 .debug_abbrev  0x0000000000000d3d       0x12 ./Core/Startup/startup_stm32f103c6ux.o
 .debug_abbrev  0x0000000000000d4f      0x1ed ./Drivers/STM32F1xx_HAL_Driver/Src/stm32f1xx_hal.o
 .debug_abbrev  0x0000000000000f3c      0x313 ./Drivers/STM32F1xx_HAL_Driver/Src/stm32f1xx_hal_cortex.o
 .debug_abbrev  0x000000000000124f      0x1e8 ./Drivers/STM32F1xx_HAL_Driver/Src/stm32f1xx_hal_gpio.o
 .debug_abbrev  0x0000000000001437      0x273 ./Drivers/STM32F1xx_HAL_Driver/Src/stm32f1xx_hal_rcc.o
 .debug_abbrev  0x00000000000016aa      0x25e ./Drivers/STM32F1xx_HAL_Driver/Src/stm32f1xx_hal_tim.o
 .debug_abbrev  0x0000000000001908      0x266 ./Drivers/STM32F1xx_HAL_Driver/Src/stm32f1xx_hal_tim_ex.o

.debug_aranges  0x0000000000000000      0xa58
 .debug_aranges
                0x0000000000000000       0x30 ./Core/Src/button.o
 .debug_aranges
                0x0000000000000030       0x20 ./Core/Src/fsm_automatic.o
 .debug_aranges
                0x0000000000000050       0x20 ./Core/Src/fsm_manual.o
 .debug_aranges
                0x0000000000000070       0x18 ./Core/Src/global.o
 .debug_aranges
                0x0000000000000088       0x40 ./Core/Src/main.o
 .debug_aranges
                0x00000000000000c8       0x30 ./Core/Src/stm32f1xx_hal_msp.o
 .debug_aranges
                0x00000000000000f8       0x68 ./Core/Src/stm32f1xx_it.o
 .debug_aranges
                0x0000000000000160       0x28 ./Core/Src/system_stm32f1xx.o
 .debug_aranges
                0x0000000000000188       0x38 ./Core/Src/timer.o
 .debug_aranges
                0x00000000000001c0       0x70 ./Core/Src/traffic.o
 .debug_aranges
                0x0000000000000230       0x28 ./Core/Startup/startup_stm32f103c6ux.o
 .debug_aranges
                0x0000000000000258       0xe0 ./Drivers/STM32F1xx_HAL_Driver/Src/stm32f1xx_hal.o
 .debug_aranges
                0x0000000000000338      0x100 ./Drivers/STM32F1xx_HAL_Driver/Src/stm32f1xx_hal_cortex.o
 .debug_aranges
                0x0000000000000438       0x58 ./Drivers/STM32F1xx_HAL_Driver/Src/stm32f1xx_hal_gpio.o
 .debug_aranges
                0x0000000000000490       0x90 ./Drivers/STM32F1xx_HAL_Driver/Src/stm32f1xx_hal_rcc.o
 .debug_aranges
                0x0000000000000520      0x3d0 ./Drivers/STM32F1xx_HAL_Driver/Src/stm32f1xx_hal_tim.o
 .debug_aranges
                0x00000000000008f0      0x168 ./Drivers/STM32F1xx_HAL_Driver/Src/stm32f1xx_hal_tim_ex.o

.debug_ranges   0x0000000000000000      0x948
 .debug_ranges  0x0000000000000000       0x20 ./Core/Src/button.o
 .debug_ranges  0x0000000000000020       0x10 ./Core/Src/fsm_automatic.o
 .debug_ranges  0x0000000000000030       0x10 ./Core/Src/fsm_manual.o
 .debug_ranges  0x0000000000000040       0x30 ./Core/Src/main.o
 .debug_ranges  0x0000000000000070       0x20 ./Core/Src/stm32f1xx_hal_msp.o
 .debug_ranges  0x0000000000000090       0x58 ./Core/Src/stm32f1xx_it.o
 .debug_ranges  0x00000000000000e8       0x18 ./Core/Src/system_stm32f1xx.o
 .debug_ranges  0x0000000000000100       0x28 ./Core/Src/timer.o
 .debug_ranges  0x0000000000000128       0x60 ./Core/Src/traffic.o
 .debug_ranges  0x0000000000000188       0x20 ./Core/Startup/startup_stm32f103c6ux.o
 .debug_ranges  0x00000000000001a8       0xd0 ./Drivers/STM32F1xx_HAL_Driver/Src/stm32f1xx_hal.o
 .debug_ranges  0x0000000000000278       0xf0 ./Drivers/STM32F1xx_HAL_Driver/Src/stm32f1xx_hal_cortex.o
 .debug_ranges  0x0000000000000368       0x48 ./Drivers/STM32F1xx_HAL_Driver/Src/stm32f1xx_hal_gpio.o
 .debug_ranges  0x00000000000003b0       0x80 ./Drivers/STM32F1xx_HAL_Driver/Src/stm32f1xx_hal_rcc.o
 .debug_ranges  0x0000000000000430      0x3c0 ./Drivers/STM32F1xx_HAL_Driver/Src/stm32f1xx_hal_tim.o
 .debug_ranges  0x00000000000007f0      0x158 ./Drivers/STM32F1xx_HAL_Driver/Src/stm32f1xx_hal_tim_ex.o

.debug_macro    0x0000000000000000    0x171d0
 .debug_macro   0x0000000000000000      0x1d9 ./Core/Src/button.o
 .debug_macro   0x00000000000001d9      0xa9c ./Core/Src/button.o
 .debug_macro   0x0000000000000c75      0x215 ./Core/Src/button.o
 .debug_macro   0x0000000000000e8a       0x2e ./Core/Src/button.o
 .debug_macro   0x0000000000000eb8       0x22 ./Core/Src/button.o
 .debug_macro   0x0000000000000eda       0x22 ./Core/Src/button.o
 .debug_macro   0x0000000000000efc       0x8e ./Core/Src/button.o
 .debug_macro   0x0000000000000f8a       0x51 ./Core/Src/button.o
 .debug_macro   0x0000000000000fdb      0x103 ./Core/Src/button.o
 .debug_macro   0x00000000000010de       0x6a ./Core/Src/button.o
 .debug_macro   0x0000000000001148      0x1df ./Core/Src/button.o
 .debug_macro   0x0000000000001327       0x1c ./Core/Src/button.o
 .debug_macro   0x0000000000001343       0x22 ./Core/Src/button.o
 .debug_macro   0x0000000000001365       0xc3 ./Core/Src/button.o
 .debug_macro   0x0000000000001428      0xd23 ./Core/Src/button.o
 .debug_macro   0x000000000000214b     0xde75 ./Core/Src/button.o
 .debug_macro   0x000000000000ffc0       0x6d ./Core/Src/button.o
 .debug_macro   0x000000000001002d     0x3468 ./Core/Src/button.o
 .debug_macro   0x0000000000013495      0x174 ./Core/Src/button.o
 .debug_macro   0x0000000000013609       0x5c ./Core/Src/button.o
 .debug_macro   0x0000000000013665      0x5be ./Core/Src/button.o
 .debug_macro   0x0000000000013c23      0x1b7 ./Core/Src/button.o
 .debug_macro   0x0000000000013dda      0x1cb ./Core/Src/button.o
 .debug_macro   0x0000000000013fa5      0x114 ./Core/Src/button.o
 .debug_macro   0x00000000000140b9      0x1b2 ./Core/Src/button.o
 .debug_macro   0x000000000001426b       0x27 ./Core/Src/button.o
 .debug_macro   0x0000000000014292      0x12f ./Core/Src/button.o
 .debug_macro   0x00000000000143c1      0x1bc ./Core/Src/button.o
 .debug_macro   0x000000000001457d       0x34 ./Core/Src/button.o
 .debug_macro   0x00000000000145b1       0x3c ./Core/Src/button.o
 .debug_macro   0x00000000000145ed       0x57 ./Core/Src/button.o
 .debug_macro   0x0000000000014644       0x88 ./Core/Src/button.o
 .debug_macro   0x00000000000146cc      0x183 ./Core/Src/button.o
 .debug_macro   0x000000000001484f      0x141 ./Core/Src/button.o
 .debug_macro   0x0000000000014990      0x8d1 ./Core/Src/button.o
 .debug_macro   0x0000000000015261       0x69 ./Core/Src/button.o
 .debug_macro   0x00000000000152ca      0x43a ./Core/Src/button.o
 .debug_macro   0x0000000000015704       0x3a ./Core/Src/button.o
 .debug_macro   0x000000000001573e       0x34 ./Core/Src/button.o
 .debug_macro   0x0000000000015772      0x1ed ./Core/Src/fsm_automatic.o
 .debug_macro   0x000000000001595f      0x1ed ./Core/Src/fsm_manual.o
 .debug_macro   0x0000000000015b4c      0x1d9 ./Core/Src/global.o
 .debug_macro   0x0000000000015d25      0x1fb ./Core/Src/main.o
 .debug_macro   0x0000000000015f20      0x1a7 ./Core/Src/stm32f1xx_hal_msp.o
 .debug_macro   0x00000000000160c7      0x1b1 ./Core/Src/stm32f1xx_it.o
 .debug_macro   0x0000000000016278      0x198 ./Core/Src/system_stm32f1xx.o
 .debug_macro   0x0000000000016410      0x1dd ./Core/Src/timer.o
 .debug_macro   0x00000000000165ed      0x1b1 ./Core/Src/traffic.o
 .debug_macro   0x000000000001679e      0x1bc ./Drivers/STM32F1xx_HAL_Driver/Src/stm32f1xx_hal.o
 .debug_macro   0x000000000001695a      0x198 ./Drivers/STM32F1xx_HAL_Driver/Src/stm32f1xx_hal_cortex.o
 .debug_macro   0x0000000000016af2      0x203 ./Drivers/STM32F1xx_HAL_Driver/Src/stm32f1xx_hal_gpio.o
 .debug_macro   0x0000000000016cf5      0x1aa ./Drivers/STM32F1xx_HAL_Driver/Src/stm32f1xx_hal_rcc.o
 .debug_macro   0x0000000000016e9f      0x199 ./Drivers/STM32F1xx_HAL_Driver/Src/stm32f1xx_hal_tim.o
 .debug_macro   0x0000000000017038      0x198 ./Drivers/STM32F1xx_HAL_Driver/Src/stm32f1xx_hal_tim_ex.o

.debug_line     0x0000000000000000     0xbecc
 .debug_line    0x0000000000000000      0x7c2 ./Core/Src/button.o
 .debug_line    0x00000000000007c2      0x7f4 ./Core/Src/fsm_automatic.o
 .debug_line    0x0000000000000fb6      0x7b0 ./Core/Src/fsm_manual.o
 .debug_line    0x0000000000001766      0x664 ./Core/Src/global.o
 .debug_line    0x0000000000001dca      0x7c9 ./Core/Src/main.o
 .debug_line    0x0000000000002593      0x6a1 ./Core/Src/stm32f1xx_hal_msp.o
 .debug_line    0x0000000000002c34      0x73f ./Core/Src/stm32f1xx_it.o
 .debug_line    0x0000000000003373      0x6e3 ./Core/Src/system_stm32f1xx.o
 .debug_line    0x0000000000003a56      0x6f5 ./Core/Src/timer.o
 .debug_line    0x000000000000414b      0x7cf ./Core/Src/traffic.o
 .debug_line    0x000000000000491a       0x87 ./Core/Startup/startup_stm32f103c6ux.o
 .debug_line    0x00000000000049a1      0x910 ./Drivers/STM32F1xx_HAL_Driver/Src/stm32f1xx_hal.o
 .debug_line    0x00000000000052b1      0xaf8 ./Drivers/STM32F1xx_HAL_Driver/Src/stm32f1xx_hal_cortex.o
 .debug_line    0x0000000000005da9      0x991 ./Drivers/STM32F1xx_HAL_Driver/Src/stm32f1xx_hal_gpio.o
 .debug_line    0x000000000000673a      0xd1e ./Drivers/STM32F1xx_HAL_Driver/Src/stm32f1xx_hal_rcc.o
 .debug_line    0x0000000000007458     0x326e ./Drivers/STM32F1xx_HAL_Driver/Src/stm32f1xx_hal_tim.o
 .debug_line    0x000000000000a6c6     0x1806 ./Drivers/STM32F1xx_HAL_Driver/Src/stm32f1xx_hal_tim_ex.o

.debug_str      0x0000000000000000    0x83789
 .debug_str     0x0000000000000000    0x80c55 ./Core/Src/button.o
                                      0x80f93 (size before relaxing)
 .debug_str     0x0000000000080c55       0x54 ./Core/Src/fsm_automatic.o
                                      0x80ef3 (size before relaxing)
 .debug_str     0x0000000000080ca9       0x3b ./Core/Src/fsm_manual.o
                                      0x80eea (size before relaxing)
 .debug_str     0x0000000000080ce4       0x15 ./Core/Src/global.o
                                      0x80eb4 (size before relaxing)
 .debug_str     0x0000000000080cf9      0x6d8 ./Core/Src/main.o
                                      0x8168b (size before relaxing)
 .debug_str     0x00000000000813d1      0x2ba ./Core/Src/stm32f1xx_hal_msp.o
                                      0x81501 (size before relaxing)
 .debug_str     0x000000000008168b       0xcd ./Core/Src/stm32f1xx_it.o
                                      0x81263 (size before relaxing)
 .debug_str     0x0000000000081758       0x52 ./Core/Src/system_stm32f1xx.o
                                      0x7f4f1 (size before relaxing)
 .debug_str     0x00000000000817aa       0x7c ./Core/Src/timer.o
                                      0x813cf (size before relaxing)
 .debug_str     0x0000000000081826       0xfa ./Core/Src/traffic.o
                                      0x80e33 (size before relaxing)
 .debug_str     0x0000000000081920       0x36 ./Core/Startup/startup_stm32f103c6ux.o
                                         0x5c (size before relaxing)
 .debug_str     0x0000000000081956      0x304 ./Drivers/STM32F1xx_HAL_Driver/Src/stm32f1xx_hal.o
                                      0x7fb48 (size before relaxing)
 .debug_str     0x0000000000081c5a      0x300 ./Drivers/STM32F1xx_HAL_Driver/Src/stm32f1xx_hal_cortex.o
                                      0x7fb50 (size before relaxing)
 .debug_str     0x0000000000081f5a      0x324 ./Drivers/STM32F1xx_HAL_Driver/Src/stm32f1xx_hal_gpio.o
                                      0x7f8b5 (size before relaxing)
 .debug_str     0x000000000008227e      0x24f ./Drivers/STM32F1xx_HAL_Driver/Src/stm32f1xx_hal_rcc.o
                                      0x7f8ee (size before relaxing)
 .debug_str     0x00000000000824cd      0xdce ./Drivers/STM32F1xx_HAL_Driver/Src/stm32f1xx_hal_tim.o
                                      0x808c0 (size before relaxing)
 .debug_str     0x000000000008329b      0x4ee ./Drivers/STM32F1xx_HAL_Driver/Src/stm32f1xx_hal_tim_ex.o
                                      0x80071 (size before relaxing)

.comment        0x0000000000000000       0x53
 .comment       0x0000000000000000       0x53 ./Core/Src/button.o
                                         0x54 (size before relaxing)
 .comment       0x0000000000000053       0x54 ./Core/Src/fsm_automatic.o
 .comment       0x0000000000000053       0x54 ./Core/Src/fsm_manual.o
 .comment       0x0000000000000053       0x54 ./Core/Src/global.o
 .comment       0x0000000000000053       0x54 ./Core/Src/main.o
 .comment       0x0000000000000053       0x54 ./Core/Src/stm32f1xx_hal_msp.o
 .comment       0x0000000000000053       0x54 ./Core/Src/stm32f1xx_it.o
 .comment       0x0000000000000053       0x54 ./Core/Src/system_stm32f1xx.o
 .comment       0x0000000000000053       0x54 ./Core/Src/timer.o
 .comment       0x0000000000000053       0x54 ./Core/Src/traffic.o
 .comment       0x0000000000000053       0x54 ./Drivers/STM32F1xx_HAL_Driver/Src/stm32f1xx_hal.o
 .comment       0x0000000000000053       0x54 ./Drivers/STM32F1xx_HAL_Driver/Src/stm32f1xx_hal_cortex.o
 .comment       0x0000000000000053       0x54 ./Drivers/STM32F1xx_HAL_Driver/Src/stm32f1xx_hal_gpio.o
 .comment       0x0000000000000053       0x54 ./Drivers/STM32F1xx_HAL_Driver/Src/stm32f1xx_hal_rcc.o
 .comment       0x0000000000000053       0x54 ./Drivers/STM32F1xx_HAL_Driver/Src/stm32f1xx_hal_tim.o
 .comment       0x0000000000000053       0x54 ./Drivers/STM32F1xx_HAL_Driver/Src/stm32f1xx_hal_tim_ex.o

.debug_frame    0x0000000000000000     0x287c
 .debug_frame   0x0000000000000000       0x84 ./Core/Src/button.o
 .debug_frame   0x0000000000000084       0x2c ./Core/Src/fsm_automatic.o
 .debug_frame   0x00000000000000b0       0x2c ./Core/Src/fsm_manual.o
 .debug_frame   0x00000000000000dc       0xb0 ./Core/Src/main.o
 .debug_frame   0x000000000000018c       0x80 ./Core/Src/stm32f1xx_hal_msp.o
 .debug_frame   0x000000000000020c      0x120 ./Core/Src/stm32f1xx_it.o
 .debug_frame   0x000000000000032c       0x58 ./Core/Src/system_stm32f1xx.o
 .debug_frame   0x0000000000000384       0xa4 ./Core/Src/timer.o
 .debug_frame   0x0000000000000428      0x154 ./Core/Src/traffic.o
 .debug_frame   0x000000000000057c      0x334 ./Drivers/STM32F1xx_HAL_Driver/Src/stm32f1xx_hal.o
 .debug_frame   0x00000000000008b0      0x428 ./Drivers/STM32F1xx_HAL_Driver/Src/stm32f1xx_hal_cortex.o
 .debug_frame   0x0000000000000cd8      0x14c ./Drivers/STM32F1xx_HAL_Driver/Src/stm32f1xx_hal_gpio.o
 .debug_frame   0x0000000000000e24      0x21c ./Drivers/STM32F1xx_HAL_Driver/Src/stm32f1xx_hal_rcc.o
 .debug_frame   0x0000000000001040     0x11b8 ./Drivers/STM32F1xx_HAL_Driver/Src/stm32f1xx_hal_tim.o
 .debug_frame   0x00000000000021f8      0x638 ./Drivers/STM32F1xx_HAL_Driver/Src/stm32f1xx_hal_tim_ex.o
 .debug_frame   0x0000000000002830       0x2c c:/st/stm32cubeide_1.7.0/stm32cubeide/plugins/com.st.stm32cube.ide.mcu.externaltools.gnu-tools-for-stm32.9-2020-q2-update.win32_2.0.0.202105311346/tools/bin/../lib/gcc/arm-none-eabi/9.3.1/../../../../arm-none-eabi/lib/thumb/v7-m/nofp\libc_nano.a(lib_a-init.o)
 .debug_frame   0x000000000000285c       0x20 c:/st/stm32cubeide_1.7.0/stm32cubeide/plugins/com.st.stm32cube.ide.mcu.externaltools.gnu-tools-for-stm32.9-2020-q2-update.win32_2.0.0.202105311346/tools/bin/../lib/gcc/arm-none-eabi/9.3.1/../../../../arm-none-eabi/lib/thumb/v7-m/nofp\libc_nano.a(lib_a-memset.o)
