traffic.c:12:6:set_traffic1_red	8	static
traffic.c:18:6:set_traffic2_red	8	static
traffic.c:24:6:set_traffic1_green	8	static
traffic.c:30:6:set_traffic2_green	8	static
traffic.c:36:6:set_traffic1_yellow	8	static
traffic.c:42:6:set_traffic2_yellow	8	static
traffic.c:48:6:toggle_traffic_red	8	static
traffic.c:53:6:toggle_traffic_green	8	static
traffic.c:58:6:toggle_traffic_yellow	8	static
traffic.c:63:6:updateBuffer7SEG	16	static
traffic.c:70:6:update7SEG	16	static
traffic.c:92:6:display_7SEG	16	static
traffic.c:138:6:run7SEG	8	static
